// Vitest Snapshot v1, https://vitest.dev/guide/snapshot.html

exports[`Hive CDN > respects env vars > hive-cdn 1`] = `
"type Query {
  foo: String
}"
`;
