// Vitest Snapshot v1, https://vitest.dev/guide/snapshot.html

exports[`should execute 'GetPet' 1`] = `
{
  "data": {
    "getPetById": {
      "__typename": "Pet",
      "id": 1,
      "name": "Cat 1",
      "vaccinated": false,
    },
  },
}
`;
